DIRECTORY: C:\BLOOD
DEFAULTDIR: C:\BLOOD
UNINSTALLBEGINPROMPT: "Do you want this application removed from your system?"
UNINSTALLENDPROMPT: "This application has been successfully removed from your system."
UNINSTALLTITLEPROMPT: "UnInstall"
FILE: C:\BLOOD\BLOOD.EXE
FILE: C:\BLOOD\BLOOD.INI
FILE: C:\BLOOD\BLOOD.RFF
FILE: C:\BLOOD\GTI.SMK
FILE: C:\BLOOD\LOGO.SMK
FILE: C:\BLOOD\COMMIT.DAT
FILE: C:\BLOOD\COMMIT.EXE
FILE: C:\BLOOD\DOS4GW.EXE
FILE: C:\BLOOD\GUI.RFF
FILE: C:\BLOOD\UNSTALL.EXE
FILE: C:\BLOOD\SETMAIN.EXE
FILE: C:\BLOOD\SETUP.EXE
FILE: C:\BLOOD\SURFACE.DAT
FILE: C:\BLOOD\TABLES.DAT
FILE: C:\BLOOD\VOXEL.DAT
FILE: C:\BLOOD\README.TXT
FILE: C:\BLOOD\MONOLITH.TXT
FILE: C:\BLOOD\BLOODHLP.TXT
FILE: C:\BLOOD\MODEM.PCK
FILE: C:\BLOOD\LICENSE.TXT
FILE: C:\BLOOD\BLOOD.URL
FILE: C:\BLOOD\DWANGO.URL
FILE: C:\BLOOD\ENGAGE.URL
FILE: C:\BLOOD\HEAT.URL
FILE: C:\BLOOD\KALI.URL
FILE: C:\BLOOD\MONOLITH.URL
FILE: C:\BLOOD\MPLAYER.URL
FILE: C:\BLOOD\SERVICES.URL
FILE: C:\BLOOD\TEN.URL
FILE: C:\BLOOD\SOUNDS.RFF
FILE: C:\BLOOD\BLOOD003.DEM
FILE: C:\BLOOD\BLOOD001.DEM
FILE: C:\BLOOD\BLOOD002.DEM
FILE: C:\BLOOD\BLOOD000.DEM
FILE: C:\BLOOD\TENGAME.INI
DIRECTORY: C:\BLOOD\TEN

FILE: C:\BLOOD\TEN\DATA.1
FILE: C:\BLOOD\TEN\DATA.2
FILE: C:\BLOOD\TEN\DATA.3
FILE: C:\BLOOD\TEN\DATA.4
FILE: C:\BLOOD\TEN\DISK1.ID
FILE: C:\BLOOD\TEN\DISK2.ID
FILE: C:\BLOOD\TEN\DISK3.ID
FILE: C:\BLOOD\TEN\DISK4.ID
FILE: C:\BLOOD\TEN\SETUP.BMP
FILE: C:\BLOOD\TEN\SETUP.EXE
FILE: C:\BLOOD\TEN\SETUP.INI
FILE: C:\BLOOD\TEN\SETUP.INS
FILE: C:\BLOOD\TEN\SETUP.PKG
FILE: C:\BLOOD\TEN\TRACKKEY.TXT
FILE: C:\BLOOD\TEN\_INST32I.EX_
FILE: C:\BLOOD\TEN\_ISDEL.EXE
FILE: C:\BLOOD\TEN\_SETUP.DLL
FILE: C:\BLOOD\TEN\_SETUP.LIB
FILE: C:\BLOOD\TILES000.ART
FILE: C:\BLOOD\TILES001.ART
FILE: C:\BLOOD\TILES002.ART
FILE: C:\BLOOD\TILES003.ART
FILE: C:\BLOOD\TILES004.ART
FILE: C:\BLOOD\TILES005.ART
FILE: C:\BLOOD\TILES006.ART
FILE: C:\BLOOD\TILES007.ART
FILE: C:\BLOOD\TILES008.ART
FILE: C:\BLOOD\TILES009.ART
FILE: C:\BLOOD\TILES010.ART
FILE: C:\BLOOD\TILES011.ART
FILE: C:\BLOOD\TILES012.ART
FILE: C:\BLOOD\TILES013.ART
FILE: C:\BLOOD\TILES014.ART
FILE: C:\BLOOD\TILES015.ART
ADDTEXT: ";SourceDir=", C:\BLOOD\blood.ini, "SourceDir=D:"
ADDTEXT: ";e1CutSceneA=", C:\BLOOD\blood.ini, "CutSceneA=D:\movie\cs1.smk"
ADDTEXT: ";e1CutWavA=", C:\BLOOD\blood.ini, "CutWavA=D:\movie\cs1822m.wav"
ADDTEXT: ";e1CutSceneB=", C:\BLOOD\blood.ini, "CutSceneB=D:\movie\cs2.smk"
ADDTEXT: ";e1CutWavB=", C:\BLOOD\blood.ini, "CutWavB=D:\movie\cs2822m.wav"
ADDTEXT: "", C:\BLOOD\blood.ini, "; location of movies was set at install"
ADDTEXT: ";e2CutSceneB=", C:\BLOOD\blood.ini, "CutSceneB=D:\movie\cs3.smk"
ADDTEXT: ";e2CutWavB=", C:\BLOOD\blood.ini, "CutWavB=D:\movie\cs3822m.wav"
ADDTEXT: "", C:\BLOOD\blood.ini, "; location of movies and WAVs was set at install"
ADDTEXT: ";e3CutSceneB=", C:\BLOOD\blood.ini, "CutSceneB=D:\movie\cs4.smk"
ADDTEXT: ";e3CutWavB=", C:\BLOOD\blood.ini, "CutWavB=D:\movie\cs4822m.wav"
ADDTEXT: ";e4CutSceneA=", C:\BLOOD\blood.ini, "CutSceneA=D:\movie\cs5.smk"
ADDTEXT: ";e4CutWavA=", C:\BLOOD\blood.ini, "CutWavA=D:\movie\cs5822m.wav"
ADDTEXT: ";e4CutSceneB=", C:\BLOOD\blood.ini, "CutSceneB=D:\movie\cs6.smk"
ADDTEXT: ";e4CutWavB=", C:\BLOOD\blood.ini, "CutWavB=D:\movie\cs6822m.wav"
